
===========================================================================
Model "Body1-26" exists. Name "Body1-26_1" used instead.
===========================================================================

===========================================================================
Model "Body2-27" exists. Name "Body2-27_1" used instead.
===========================================================================

===========================================================================
Model "Body3-28" exists. Name "Body3-28_1" used instead.
===========================================================================

===========================================================================
Model "Body4-29" exists. Name "Body4-29_1" used instead.
===========================================================================

===========================================================================
Model "Body1-3326" exists. Name "Body1-3326_1" used instead.
===========================================================================

===========================================================================
Model "Body2-3327" exists. Name "Body2-3327_1" used instead.
===========================================================================

===========================================================================
Model "Body1-3329" exists. Name "Body1-3329_1" used instead.
===========================================================================

===========================================================================
Model "Body2-3330" exists. Name "Body2-3330_1" used instead.
===========================================================================

===========================================================================
Model "Body1-3331" exists. Name "Body1-3331_1" used instead.
===========================================================================

===========================================================================
Model "Body2-3332" exists. Name "Body2-3332_1" used instead.
===========================================================================

===========================================================================
Model "Body1-3334" exists. Name "Body1-3334_1" used instead.
===========================================================================

===========================================================================
Model "Body2-3335" exists. Name "Body2-3335_1" used instead.
===========================================================================

===========================================================================
Model "Body3-3336" exists. Name "Body3-3336_1" used instead.
===========================================================================

===========================================================================
Model "Body1-3337" exists. Name "Body1-3337_1" used instead.
===========================================================================

===========================================================================
Model "Body2-3338" exists. Name "Body2-3338_1" used instead.
===========================================================================

===========================================================================
Model "Body3-3339" exists. Name "Body3-3339_1" used instead.
===========================================================================

===========================================================================
Model "Body4-3340" exists. Name "Body4-3340_1" used instead.
===========================================================================

===========================================================================
Model "Body5-3341" exists. Name "Body5-3341_1" used instead.
===========================================================================

===========================================================================
Model "Body1-3344" exists. Name "Body1-3344_1" used instead.
===========================================================================

===========================================================================
Model "Body2-3345" exists. Name "Body2-3345_1" used instead.
===========================================================================

===========================================================================
Model "Body3-3346" exists. Name "Body3-3346_1" used instead.
===========================================================================

===========================================================================
Model "Body1-3347" exists. Name "Body1-3347_1" used instead.
===========================================================================

===========================================================================
Model "Body2-3348" exists. Name "Body2-3348_1" used instead.
===========================================================================

===========================================================================
Model "Body3-3349" exists. Name "Body3-3349_1" used instead.
===========================================================================

===========================================================================
Model "Body1-3351" exists. Name "Body1-3351_1" used instead.
===========================================================================

===========================================================================
Model "Body2-3352" exists. Name "Body2-3352_1" used instead.
===========================================================================

===========================================================================
Model "Body3-3353" exists. Name "Body3-3353_1" used instead.
===========================================================================

===========================================================================
Model "Body4-3354" exists. Name "Body4-3354_1" used instead.
===========================================================================

===========================================================================
Model "Body5-3355" exists. Name "Body5-3355_1" used instead.
===========================================================================

===========================================================================
Model "Body6-3356" exists. Name "Body6-3356_1" used instead.
===========================================================================

===========================================================================
Model "Body7-3357" exists. Name "Body7-3357_1" used instead.
===========================================================================

===========================================================================
Model "Body8-3358" exists. Name "Body8-3358_1" used instead.
===========================================================================

===========================================================================
Model "Body9-3359" exists. Name "Body9-3359_1" used instead.
===========================================================================

===========================================================================
Model "Body10-3360" exists. Name "Body10-3360_1" used instead.
===========================================================================

===========================================================================
Model "Body11-3361" exists. Name "Body11-3361_1" used instead.
===========================================================================

===========================================================================
Model "Body12-3362" exists. Name "Body12-3362_1" used instead.
===========================================================================

===========================================================================
Model "Body13-3363" exists. Name "Body13-3363_1" used instead.
===========================================================================

===========================================================================
Model "Body14-3364" exists. Name "Body14-3364_1" used instead.
===========================================================================

===========================================================================
Model "Body15-3365" exists. Name "Body15-3365_1" used instead.
===========================================================================

===========================================================================
Model "Body16-3366" exists. Name "Body16-3366_1" used instead.
===========================================================================

===========================================================================
Model "Body17-3367" exists. Name "Body17-3367_1" used instead.
===========================================================================

===========================================================================
Model "Body18-3368" exists. Name "Body18-3368_1" used instead.
===========================================================================

===========================================================================
Model "Body19-3369" exists. Name "Body19-3369_1" used instead.
===========================================================================

===========================================================================
Model "Body20-3370" exists. Name "Body20-3370_1" used instead.
===========================================================================

===========================================================================
Model "Body21-3371" exists. Name "Body21-3371_1" used instead.
===========================================================================

===========================================================================
Model "Body22-3372" exists. Name "Body22-3372_1" used instead.
===========================================================================

===========================================================================
Model "Body23-3373" exists. Name "Body23-3373_1" used instead.
===========================================================================

===========================================================================
Model "Body24-3374" exists. Name "Body24-3374_1" used instead.
===========================================================================

===========================================================================
Model "Body25-3375" exists. Name "Body25-3375_1" used instead.
===========================================================================

===========================================================================
Model "Body26-3376" exists. Name "Body26-3376_1" used instead.
===========================================================================

===========================================================================
Model "Body27-3377" exists. Name "Body27-3377_1" used instead.
===========================================================================

===========================================================================
Model "Body28-3378" exists. Name "Body28-3378_1" used instead.
===========================================================================

===========================================================================
Model "Body1-3380" exists. Name "Body1-3380_1" used instead.
===========================================================================

===========================================================================
Model "Body2-3381" exists. Name "Body2-3381_1" used instead.
===========================================================================

===========================================================================
Model "Body3-3382" exists. Name "Body3-3382_1" used instead.
===========================================================================

===========================================================================
Model "Body5-3383" exists. Name "Body5-3383_1" used instead.
===========================================================================

===========================================================================
Model "Body6-3384" exists. Name "Body6-3384_1" used instead.
===========================================================================

===========================================================================
Model "Body7-3385" exists. Name "Body7-3385_1" used instead.
===========================================================================

===========================================================================
Model "Body8-3386" exists. Name "Body8-3386_1" used instead.
===========================================================================

===========================================================================
Model "Body9-3387" exists. Name "Body9-3387_1" used instead.
===========================================================================

===========================================================================
Model "Body10-3388" exists. Name "Body10-3388_1" used instead.
===========================================================================

===========================================================================
Model "Body11-3389" exists. Name "Body11-3389_1" used instead.
===========================================================================

===========================================================================
Model "Body12-3390" exists. Name "Body12-3390_1" used instead.
===========================================================================

===========================================================================
Model "Body13-3391" exists. Name "Body13-3391_1" used instead.
===========================================================================

===========================================================================
Model "Body14-3392" exists. Name "Body14-3392_1" used instead.
===========================================================================

===========================================================================
Model "Body15-3393" exists. Name "Body15-3393_1" used instead.
===========================================================================

===========================================================================
Model "Body16-3394" exists. Name "Body16-3394_1" used instead.
===========================================================================

===========================================================================
Model "Body17-3395" exists. Name "Body17-3395_1" used instead.
===========================================================================

===========================================================================
Model "Body18-3396" exists. Name "Body18-3396_1" used instead.
===========================================================================

===========================================================================
Model "Body19-3397" exists. Name "Body19-3397_1" used instead.
===========================================================================

===========================================================================
Model "Body20-3398" exists. Name "Body20-3398_1" used instead.
===========================================================================

===========================================================================
Model "Body21-3399" exists. Name "Body21-3399_1" used instead.
===========================================================================

===========================================================================
Model "Body22-3400" exists. Name "Body22-3400_1" used instead.
===========================================================================

===========================================================================
Model "Body23-3401" exists. Name "Body23-3401_1" used instead.
===========================================================================

===========================================================================
Model "Body24-3402" exists. Name "Body24-3402_1" used instead.
===========================================================================

===========================================================================
Model "Body25-3403" exists. Name "Body25-3403_1" used instead.
===========================================================================

===========================================================================
Model "Body26-3404" exists. Name "Body26-3404_1" used instead.
===========================================================================

===========================================================================
Model "Body27-3405" exists. Name "Body27-3405_1" used instead.
===========================================================================

===========================================================================
Model "Body28-3406" exists. Name "Body28-3406_1" used instead.
===========================================================================

===========================================================================
Model "Body29-3407" exists. Name "Body29-3407_1" used instead.
===========================================================================

===========================================================================
Model "Body30-3408" exists. Name "Body30-3408_1" used instead.
===========================================================================

===========================================================================
Model "Body31-3409" exists. Name "Body31-3409_1" used instead.
===========================================================================

===========================================================================
Model "Body32-3410" exists. Name "Body32-3410_1" used instead.
===========================================================================

===========================================================================
Model "Body33-3411" exists. Name "Body33-3411_1" used instead.
===========================================================================

===========================================================================
Model "Body34-3412" exists. Name "Body34-3412_1" used instead.
===========================================================================

===========================================================================
Model "Body35-3413" exists. Name "Body35-3413_1" used instead.
===========================================================================

===========================================================================
Model "Body36-3414" exists. Name "Body36-3414_1" used instead.
===========================================================================

===========================================================================
Model "Body37-3415" exists. Name "Body37-3415_1" used instead.
===========================================================================

===========================================================================
Model "Body38-3416" exists. Name "Body38-3416_1" used instead.
===========================================================================

===========================================================================
Model "Body39-3417" exists. Name "Body39-3417_1" used instead.
===========================================================================

===========================================================================
Model "Body40" exists. Name "Body40_1" used instead.
===========================================================================

===========================================================================
Model "Body41" exists. Name "Body41_1" used instead.
===========================================================================

===========================================================================
Model "Body42" exists. Name "Body42_1" used instead.
===========================================================================

===========================================================================
Model "Body1-3421" exists. Name "Body1-3421_1" used instead.
===========================================================================

===========================================================================
Model "Body2-3422" exists. Name "Body2-3422_1" used instead.
===========================================================================

===========================================================================
Model "Body3-3423" exists. Name "Body3-3423_1" used instead.
===========================================================================

===========================================================================
Model "Body4-3424" exists. Name "Body4-3424_1" used instead.
===========================================================================

===========================================================================
Model "Body5-3425" exists. Name "Body5-3425_1" used instead.
===========================================================================

===========================================================================
Model "Body6-3426" exists. Name "Body6-3426_1" used instead.
===========================================================================

===========================================================================
Model "Body7-3427" exists. Name "Body7-3427_1" used instead.
===========================================================================

===========================================================================
Model "Body8-3428" exists. Name "Body8-3428_1" used instead.
===========================================================================

===========================================================================
Model "Body9-3429" exists. Name "Body9-3429_1" used instead.
===========================================================================

===========================================================================
Model "Body10-3430" exists. Name "Body10-3430_1" used instead.
===========================================================================

===========================================================================
Model "Body11-3431" exists. Name "Body11-3431_1" used instead.
===========================================================================

===========================================================================
Model "Body12-3432" exists. Name "Body12-3432_1" used instead.
===========================================================================

===========================================================================
Model "Body13-3433" exists. Name "Body13-3433_1" used instead.
===========================================================================

===========================================================================
Model "Body14-3434" exists. Name "Body14-3434_1" used instead.
===========================================================================

===========================================================================
Model "Body15-3435" exists. Name "Body15-3435_1" used instead.
===========================================================================

===========================================================================
Model "Body16-3436" exists. Name "Body16-3436_1" used instead.
===========================================================================

===========================================================================
Model "Body17-3437" exists. Name "Body17-3437_1" used instead.
===========================================================================

===========================================================================
Model "Body18-3438" exists. Name "Body18-3438_1" used instead.
===========================================================================

===========================================================================
Model "Body19-3439" exists. Name "Body19-3439_1" used instead.
===========================================================================

===========================================================================
Model "Body20-3440" exists. Name "Body20-3440_1" used instead.
===========================================================================

===========================================================================
Model "Body21-3441" exists. Name "Body21-3441_1" used instead.
===========================================================================

===========================================================================
Model "Body22-3442" exists. Name "Body22-3442_1" used instead.
===========================================================================

===========================================================================
Model "Body23-3443" exists. Name "Body23-3443_1" used instead.
===========================================================================

===========================================================================
Model "Body24-3444" exists. Name "Body24-3444_1" used instead.
===========================================================================

===========================================================================
Model "Body25-3445" exists. Name "Body25-3445_1" used instead.
===========================================================================

===========================================================================
Model "Body26-3446" exists. Name "Body26-3446_1" used instead.
===========================================================================

===========================================================================
Model "Body27-3447" exists. Name "Body27-3447_1" used instead.
===========================================================================

===========================================================================
Model "Body28-3448" exists. Name "Body28-3448_1" used instead.
===========================================================================

===========================================================================
Model "Body29-3449" exists. Name "Body29-3449_1" used instead.
===========================================================================

===========================================================================
Model "Body30-3450" exists. Name "Body30-3450_1" used instead.
===========================================================================

===========================================================================
Model "Body31-3451" exists. Name "Body31-3451_1" used instead.
===========================================================================

===========================================================================
Model "Body32-3452" exists. Name "Body32-3452_1" used instead.
===========================================================================

===========================================================================
Model "Body33-3453" exists. Name "Body33-3453_1" used instead.
===========================================================================

===========================================================================
Model "Body34-3454" exists. Name "Body34-3454_1" used instead.
===========================================================================

===========================================================================
Model "Body35-3455" exists. Name "Body35-3455_1" used instead.
===========================================================================

===========================================================================
Model "Body36-3456" exists. Name "Body36-3456_1" used instead.
===========================================================================

===========================================================================
Model "Body37-3457" exists. Name "Body37-3457_1" used instead.
===========================================================================

===========================================================================
Model "Body38-3458" exists. Name "Body38-3458_1" used instead.
===========================================================================

===========================================================================
Model "Body39-3459" exists. Name "Body39-3459_1" used instead.
===========================================================================

===========================================================================
Model "Body1-3460" exists. Name "Body1-3460_1" used instead.
===========================================================================

===========================================================================
Model "Body2-3461" exists. Name "Body2-3461_1" used instead.
===========================================================================

===========================================================================
Model "Body1-3462" exists. Name "Body1-3462_1" used instead.
===========================================================================

===========================================================================
Model "Body2-3463" exists. Name "Body2-3463_1" used instead.
===========================================================================

===========================================================================
Model "Body3-3464" exists. Name "Body3-3464_1" used instead.
===========================================================================

===========================================================================
Model "Body4-3465" exists. Name "Body4-3465_1" used instead.
===========================================================================

===========================================================================
Model "Body1-3466" exists. Name "Body1-3466_1" used instead.
===========================================================================

===========================================================================
Model "Body2-3467" exists. Name "Body2-3467_1" used instead.
===========================================================================

===========================================================================
Model "Body3-3468" exists. Name "Body3-3468_1" used instead.
===========================================================================

===========================================================================
Model "Body4-3469" exists. Name "Body4-3469_1" used instead.
===========================================================================

===========================================================================
Model "Body1-3470" exists. Name "Body1-3470_1" used instead.
===========================================================================

===========================================================================
Model "Body2-3471" exists. Name "Body2-3471_1" used instead.
===========================================================================

===========================================================================
Model "Body1-3472" exists. Name "Body1-3472_1" used instead.
===========================================================================

===========================================================================
Model "Body2-3473" exists. Name "Body2-3473_1" used instead.
===========================================================================

===========================================================================
Model "Body1-3474" exists. Name "Body1-3474_1" used instead.
===========================================================================

===========================================================================
Model "Body2-3475" exists. Name "Body2-3475_1" used instead.
===========================================================================

===========================================================================
Model "Body1-3477" exists. Name "Body1-3477_1" used instead.
===========================================================================

===========================================================================
Model "Body2-3478" exists. Name "Body2-3478_1" used instead.
===========================================================================

===========================================================================
Model "Body1-3480" exists. Name "Body1-3480_1" used instead.
===========================================================================

===========================================================================
Model "Body2-3481" exists. Name "Body2-3481_1" used instead.
===========================================================================

===========================================================================
Model "Body1-3482" exists. Name "Body1-3482_1" used instead.
===========================================================================

===========================================================================
Model "Body2-3483" exists. Name "Body2-3483_1" used instead.
===========================================================================

===========================================================================
Model "Body1-3484" exists. Name "Body1-3484_1" used instead.
===========================================================================

===========================================================================
Model "Body2-3485" exists. Name "Body2-3485_1" used instead.
===========================================================================

===========================================================================
Model "Body1-3486" exists. Name "Body1-3486_1" used instead.
===========================================================================

===========================================================================
Model "Body2-3487" exists. Name "Body2-3487_1" used instead.
===========================================================================

===========================================================================
Model "Body1-3488" exists. Name "Body1-3488_1" used instead.
===========================================================================

===========================================================================
Model "Body2-3489" exists. Name "Body2-3489_1" used instead.
===========================================================================

===========================================================================
Model "Body1-3490" exists. Name "Body1-3490_1" used instead.
===========================================================================

===========================================================================
Model "Body2-3491" exists. Name "Body2-3491_1" used instead.
===========================================================================

===========================================================================
Model "Body1-3492" exists. Name "Body1-3492_1" used instead.
===========================================================================

===========================================================================
Model "Body2-3493" exists. Name "Body2-3493_1" used instead.
===========================================================================

===========================================================================
Model "Body1-3494" exists. Name "Body1-3494_1" used instead.
===========================================================================

===========================================================================
Model "Body2-3495" exists. Name "Body2-3495_1" used instead.
===========================================================================

===========================================================================
Model "Body1-3496" exists. Name "Body1-3496_1" used instead.
===========================================================================

===========================================================================
Model "Body2-3497" exists. Name "Body2-3497_1" used instead.
===========================================================================

===========================================================================
Model "Body1-3498" exists. Name "Body1-3498_1" used instead.
===========================================================================

===========================================================================
Model "Body2-3499" exists. Name "Body2-3499_1" used instead.
===========================================================================

===========================================================================
Model "Body1-3500" exists. Name "Body1-3500_1" used instead.
===========================================================================

===========================================================================
Model "Body2-3501" exists. Name "Body2-3501_1" used instead.
===========================================================================

===========================================================================
Model "Body1-3503" exists. Name "Body1-3503_1" used instead.
===========================================================================

===========================================================================
Model "Body2-3504" exists. Name "Body2-3504_1" used instead.
===========================================================================

===========================================================================
Model "Body3-3505" exists. Name "Body3-3505_1" used instead.
===========================================================================

===========================================================================
Model "Body1-3506" exists. Name "Body1-3506_1" used instead.
===========================================================================

===========================================================================
Model "Body2-3507" exists. Name "Body2-3507_1" used instead.
===========================================================================

===========================================================================
Model "Body1-3508" exists. Name "Body1-3508_1" used instead.
===========================================================================

===========================================================================
Model "Body2-3509" exists. Name "Body2-3509_1" used instead.
===========================================================================

===========================================================================
Model "Body1-3510" exists. Name "Body1-3510_1" used instead.
===========================================================================

===========================================================================
Model "Body2-3511" exists. Name "Body2-3511_1" used instead.
===========================================================================

===========================================================================
Model "ESP32-WROOM-32_03" exists. Name "ESP32-WROOM-32_03_1" used instead.
===========================================================================

===========================================================================
Model "pcb" exists. Name "pcb_1" used instead.
===========================================================================

===========================================================================
Model "pcb_Geometry" exists. Name "pcb_Geometry_1" used instead.
===========================================================================

===========================================================================
Model "TEXT" exists. Name "TEXT_1" used instead.
===========================================================================

===========================================================================
Model "Part" exists. Name "Part_1" used instead.
===========================================================================

===========================================================================
Model "SW" exists. Name "SW_1_2" used instead.
===========================================================================

===========================================================================
Model "SW_1" exists. Name "SW_1_1" used instead.
===========================================================================

===========================================================================
Model "SW_Geometry" exists. Name "SW_Geometry_1" used instead.
===========================================================================

===========================================================================
Model "Botton" exists. Name "Botton_1" used instead.
===========================================================================

===========================================================================
Model "sold" exists. Name "sold_1" used instead.
===========================================================================

===========================================================================
Model "cu" exists. Name "cu_1" used instead.
===========================================================================

===========================================================================
Model "Soket" exists. Name "Soket_1" used instead.
===========================================================================

===========================================================================
Model "Soket_Geometry" exists. Name "Soket_Geometry_1" used instead.
===========================================================================

===========================================================================
Model "Frame" exists. Name "Frame_1" used instead.
===========================================================================

===========================================================================
Model "cu2" exists. Name "cu2_1" used instead.
===========================================================================

===========================================================================
Model "pin" exists. Name "pin_1" used instead.
===========================================================================

===========================================================================
Model "Transistor" exists. Name "Transistor_1_2" used instead.
===========================================================================

===========================================================================
Model "Transistor_1" exists. Name "Transistor_1_1" used instead.
===========================================================================

===========================================================================
Model "Transistor_Geometry" exists. Name "Transistor_Geometry_1" used instead.
===========================================================================

===========================================================================
Model "body" exists. Name "body_1" used instead.
===========================================================================

===========================================================================
Model "pin2" exists. Name "pin2_1" used instead.
===========================================================================

===========================================================================
Model "cu3" exists. Name "cu3_1" used instead.
===========================================================================

===========================================================================
Model "R2" exists. Name "R2_1" used instead.
===========================================================================

===========================================================================
Model "R" exists. Name "R_1_2" used instead.
===========================================================================

===========================================================================
Model "R_1" exists. Name "R_1_1" used instead.
===========================================================================

===========================================================================
Model "R_2" exists. Name "R_2_1" used instead.
===========================================================================

===========================================================================
Model "R_3" exists. Name "R_3_1" used instead.
===========================================================================

===========================================================================
Model "R_4" exists. Name "R_4_1" used instead.
===========================================================================

===========================================================================
Model "R_5" exists. Name "R_5_1" used instead.
===========================================================================

===========================================================================
Model "R_6" exists. Name "R_6_1" used instead.
===========================================================================

===========================================================================
Model "R_7" exists. Name "R_7_1" used instead.
===========================================================================

===========================================================================
Model "R_8" exists. Name "R_8_1" used instead.
===========================================================================

===========================================================================
Model "R_9" exists. Name "R_9_1" used instead.
===========================================================================

===========================================================================
Model "C" exists. Name "C_1_2" used instead.
===========================================================================

===========================================================================
Model "IC1" exists. Name "IC1_1" used instead.
===========================================================================

===========================================================================
Model "IC1_Geometry" exists. Name "IC1_Geometry_1" used instead.
===========================================================================

===========================================================================
Model "sold2" exists. Name "sold2_1" used instead.
===========================================================================

===========================================================================
Model "Body2-249469" exists. Name "Body2-249469_1" used instead.
===========================================================================

===========================================================================
Model "CPU" exists. Name "CPU_1" used instead.
===========================================================================

===========================================================================
Model "CPU_Geometry" exists. Name "CPU_Geometry_1" used instead.
===========================================================================

===========================================================================
Model "Sold3" exists. Name "Sold3_1" used instead.
===========================================================================

===========================================================================
Model "IC2" exists. Name "IC2_1" used instead.
===========================================================================

===========================================================================
Model "IC2_Geometry" exists. Name "IC2_Geometry_1" used instead.
===========================================================================

===========================================================================
Model "pin4" exists. Name "pin4_1" used instead.
===========================================================================

===========================================================================
Model "weld" exists. Name "weld_1" used instead.
===========================================================================

===========================================================================
Model "D" exists. Name "D_1" used instead.
===========================================================================

===========================================================================
Model "D_Geometry" exists. Name "D_Geometry_1" used instead.
===========================================================================

===========================================================================
Model "Pin-sold2" exists. Name "Pin-sold2_1" used instead.
===========================================================================

===========================================================================
Model "cu7" exists. Name "cu7_1" used instead.
===========================================================================

===========================================================================
Model "labl" exists. Name "labl_1" used instead.
===========================================================================

===========================================================================
Model "C_1" exists. Name "C_1_1" used instead.
===========================================================================

===========================================================================
Model "C_2" exists. Name "C_2_1" used instead.
===========================================================================

===========================================================================
Model "C_3" exists. Name "C_3_1" used instead.
===========================================================================

===========================================================================
Model "C_4" exists. Name "C_4_1" used instead.
===========================================================================

===========================================================================
Model "LED" exists. Name "LED_1" used instead.
===========================================================================

===========================================================================
Model "LED_Geometry" exists. Name "LED_Geometry_1" used instead.
===========================================================================

===========================================================================
Model "body3" exists. Name "body3_1_2" used instead.
===========================================================================

===========================================================================
Model "pin5" exists. Name "pin5_1" used instead.
===========================================================================

===========================================================================
Model "cu8" exists. Name "cu8_1" used instead.
===========================================================================

===========================================================================
Model "C_5" exists. Name "C_5_1" used instead.
===========================================================================

===========================================================================
Model "C_6" exists. Name "C_6_1" used instead.
===========================================================================

===========================================================================
Model "C_Geometry" exists. Name "C_Geometry_1" used instead.
===========================================================================

===========================================================================
Model "Pin-sold" exists. Name "Pin-sold_1" used instead.
===========================================================================

===========================================================================
Model "cu5" exists. Name "cu5_1" used instead.
===========================================================================

===========================================================================
Model "D1" exists. Name "D1_1" used instead.
===========================================================================

===========================================================================
Model "D1_Geometry" exists. Name "D1_Geometry_1" used instead.
===========================================================================

===========================================================================
Model "Pin-sold3" exists. Name "Pin-sold3_1" used instead.
===========================================================================

===========================================================================
Model "cu9" exists. Name "cu9_1" used instead.
===========================================================================

===========================================================================
Model "D2" exists. Name "D2_1" used instead.
===========================================================================

===========================================================================
Model "D2_Geometry" exists. Name "D2_Geometry_1" used instead.
===========================================================================

===========================================================================
Model "Pin-sold4" exists. Name "Pin-sold4_1" used instead.
===========================================================================

===========================================================================
Model "cu10" exists. Name "cu10_1" used instead.
===========================================================================

===========================================================================
Model "labl2" exists. Name "labl2_1" used instead.
===========================================================================

===========================================================================
Model "_Hpin" exists. Name "_Hpin_1_2" used instead.
===========================================================================

===========================================================================
Model "_Hpin_1" exists. Name "_Hpin_1_1" used instead.
===========================================================================

===========================================================================
Model "pin6" exists. Name "pin6_1" used instead.
===========================================================================

===========================================================================
Model "Resistor" exists. Name "Resistor_1" used instead.
===========================================================================

===========================================================================
Model "R_10" exists. Name "R_10_1" used instead.
===========================================================================

===========================================================================
Model "R_11" exists. Name "R_11_1" used instead.
===========================================================================

===========================================================================
Model "R_12" exists. Name "R_12_1" used instead.
===========================================================================

===========================================================================
Model "R_13" exists. Name "R_13_1" used instead.
===========================================================================

===========================================================================
Model "R_14" exists. Name "R_14_1" used instead.
===========================================================================

===========================================================================
Model "R_15" exists. Name "R_15_1" used instead.
===========================================================================

===========================================================================
Model "R_Geometry" exists. Name "R_Geometry_1" used instead.
===========================================================================

===========================================================================
Model "pin3" exists. Name "pin3_1" used instead.
===========================================================================

===========================================================================
Model "cu4" exists. Name "cu4_1" used instead.
===========================================================================
